2.0000000000000000 201.5547269474937195 200.2574345578679527
3.0000000000000000 162.8943188855118933 160.8836867712434753
4.0000000000000000 129.4849700282939011 128.4867228419724370
5.0000000000000000 103.1144510092854034 102.6456561022576324
6.0000000000000000 82.5420944078359753 82.0041536278280603
